// Jest Snapshot v1, https://goo.gl/fbAQLP

exports[`Renders Back Button 1`] = `
.c0 {
  padding-top: 24px;
}

.c1 {
  color: white;
}

.c2 {
  display: inline-block;
  vertical-align: text-bottom;
}

<div
  className="c0"
>
  <h6
    className="MuiTypography-root MuiTypography-h6"
  >
    <a
      href="/"
      onClick={[Function]}
    >
      <span
        className="MuiTypography-root MuiLink-root MuiLink-underlineHover MuiTypography-colorPrimary"
        onBlur={[Function]}
        onFocus={[Function]}
      >
        <span
          className="c1"
        >
          <svg
            aria-hidden="true"
            className="MuiSvgIcon-root"
            focusable="false"
            role="presentation"
            viewBox="0 0 24 24"
          >
            <path
              d="M21 11H6.83l3.58-3.59L9 6l-6 6 6 6 1.41-1.41L6.83 13H21z"
            />
          </svg>
          <span
            className="c2"
          >
            Back
          </span>
        </span>
      </span>
    </a>
  </h6>
</div>
`;
