// Jest Snapshot v1, https://goo.gl/fbAQLP

exports[`Renders Back Button 1`] = `
<Back__BackContainer>
  <WithStyles(ForwardRef(Typography))
    variant="h6"
  >
    <Connect(withRouter(Link))
      category="top-nav"
      color="primary"
      label="back"
      to={
        Object {
          "pathname": "/",
        }
      }
    >
      <Back__WhiteText>
        <KeyboardBackspaceIcon />
        <Back__InnerText>
          Back
        </Back__InnerText>
      </Back__WhiteText>
    </Connect(withRouter(Link))>
  </WithStyles(ForwardRef(Typography))>
</Back__BackContainer>
`;
