// Jest Snapshot v1, https://goo.gl/fbAQLP

exports[`<Back /> Renders component without crashing 1`] = `
<div
  className="makeStyles-root-1"
>
  <WithStyles(ForwardRef(Typography))
    variant="h6"
  >
    <Connect(withRouter(Link))
      category="header"
      className="makeStyles-link-2"
      label="back"
      to={
        Object {
          "pathname": "/",
        }
      }
    >
      Back
    </Connect(withRouter(Link))>
  </WithStyles(ForwardRef(Typography))>
</div>
`;
