// Jest Snapshot v1, https://goo.gl/fbAQLP

exports[`<HomePage /> Renders component without crashing 1`] = `
<Connect(Component)
  pageName="HomePage"
>
  <HelmetWrapper
    defer={true}
    encodeSpecialCharacters={true}
  >
    <title>
      HomePage
    </title>
    <meta
      content="This is the homepage..."
      name="description"
    />
  </HelmetWrapper>
  <Hero />
</Connect(Component)>
`;
