// Jest Snapshot v1, https://goo.gl/fbAQLP

exports[`<LoginDialog /> Renders component without crashing 1`] = `
<Dialog
  fullScreen={false}
  label="login-dialog-title"
  onClose={[MockFunction]}
  open={false}
  title="Login"
>
  <WithStyles(ForwardRef(DialogTitle))
    id="login-dialog-title"
  >
    Login
  </WithStyles(ForwardRef(DialogTitle))>
  <e
    accessType="online"
    buttonText="Login"
    cookiePolicy="single_host_origin"
    disabledStyle={
      Object {
        "opacity": 0.6,
      }
    }
    fetchBasicProfile={true}
    icon={true}
    isSignedIn={false}
    jsSrc="https://apis.google.com/js/api.js"
    onFailure={[Function]}
    onRequest={[Function]}
    onSuccess={[Function]}
    prompt=""
    scope="profile email"
    tag="button"
    theme="light"
    type="button"
    uxMode="popup"
  />
</Dialog>
`;
