// Jest Snapshot v1, https://goo.gl/fbAQLP

exports[`<Hero /> Renders component without crashing 1`] = `
<WithStyles(ForwardRef(Container))>
  <WithStyles(ForwardRef(Grid))
    container={true}
    spacing={2}
  >
    <WithStyles(ForwardRef(Grid))
      item={true}
    >
      <WithStyles(ForwardRef(Typography))
        variant="h6"
      >
        Home Page
      </WithStyles(ForwardRef(Typography))>
    </WithStyles(ForwardRef(Grid))>
  </WithStyles(ForwardRef(Grid))>
</WithStyles(ForwardRef(Container))>
`;
