// Jest Snapshot v1, https://goo.gl/fbAQLP

exports[`<Page /> Renders component without crashing 1`] = `
<ContextProvider
  value={null}
>
  <Component
    dispatchPageview={[Function]}
    pageName="Test Page Name"
    store={
      Object {
        "clearActions": [Function],
        "dispatch": [Function],
        "getActions": [Function],
        "getState": [Function],
        "replaceReducer": [Function],
        "subscribe": [Function],
      }
    }
    uuid="aaa-adsf-def-ejh8d"
  >
    <h1>
      some child
    </h1>
  </Component>
</ContextProvider>
`;
