// Jest Snapshot v1, https://goo.gl/fbAQLP

exports[`<NavMenu /> Renders component without crashing 1`] = `
<nav
  className="makeStyles-root-1"
>
  <Connect(withRouter(Link))
    category="header"
    className="makeStyles-link-2"
    key="how it works"
    label="how-it-works"
    onClick={[Function]}
    to="/how-it-works"
  >
    how it works
  </Connect(withRouter(Link))>
  <Connect(withRouter(Link))
    category="header"
    className="makeStyles-link-2"
    key="ship with us"
    label="ship-with-us"
    onClick={[Function]}
    to={Object {}}
  >
    ship with us
  </Connect(withRouter(Link))>
  <Connect(withRouter(Link))
    category="header"
    className="makeStyles-link-2"
    key="drive with us"
    label="drive-with-us"
    onClick={[Function]}
    to="/drive-with-us"
  >
    drive with us
  </Connect(withRouter(Link))>
  <Connect(withRouter(Link))
    category="header"
    className="makeStyles-link-2"
    key="login"
    label="login"
    onClick={[Function]}
    to={Object {}}
  >
    login
  </Connect(withRouter(Link))>
  <WithStyles(ForwardRef(Button))
    className="makeStyles-button-3"
    size="small"
    variant="outlined"
  >
    Call Us Today
  </WithStyles(ForwardRef(Button))>
  <LoginDialog
    handleClose={[Function]}
    open={false}
  />
  <CarrierSignUp
    handleClose={[Function]}
    open={false}
  />
</nav>
`;
